INFO:     Started server process [77839]
INFO:     Waiting for application startup.
INFO:     Application startup complete.
INFO:     Uvicorn running on http://0.0.0.0:8000 (Press CTRL+C to quit)
INFO:     127.0.0.1:55812 - "GET /health HTTP/1.1" 200 OK
/root/.openclaw/workspace/velocity-core/engine.py:70: FutureWarning: The argument 'date_parser' is deprecated and will be removed in a future version. Please use 'date_format' instead, or read your data in as 'object' dtype and then call 'to_datetime'.
  ff5 = web.DataReader('Global_5_Factors_Daily', 'famafrench', start_date, end_date)[0] / 100
/root/.openclaw/workspace/velocity-core/engine.py:70: FutureWarning: PeriodDtype[B] is deprecated and will be removed in a future version. Use a DatetimeIndex with freq='B' instead
  ff5 = web.DataReader('Global_5_Factors_Daily', 'famafrench', start_date, end_date)[0] / 100
/root/.openclaw/workspace/velocity-core/engine.py:70: FutureWarning: Period with BDay freq is deprecated and will be removed in a future version. Use a DatetimeIndex with BDay freq instead.
  ff5 = web.DataReader('Global_5_Factors_Daily', 'famafrench', start_date, end_date)[0] / 100
/root/.openclaw/workspace/velocity-core/venv/lib/python3.12/site-packages/numpy/lib/_function_base_impl.py:2882: RuntimeWarning: invalid value encountered in subtract
  X -= avg[:, None]
/root/.openclaw/workspace/velocity-core/venv/lib/python3.12/site-packages/numpy/lib/_function_base_impl.py:2887: RuntimeWarning: invalid value encountered in dot
  c = dot(X, X_T.conj())
/root/.openclaw/workspace/velocity-core/venv/lib/python3.12/site-packages/numpy/lib/_function_base_impl.py:2882: RuntimeWarning: invalid value encountered in subtract
  X -= avg[:, None]
/root/.openclaw/workspace/velocity-core/venv/lib/python3.12/site-packages/numpy/lib/_function_base_impl.py:2887: RuntimeWarning: invalid value encountered in dot
  c = dot(X, X_T.conj())
/root/.openclaw/workspace/velocity-core/venv/lib/python3.12/site-packages/numpy/lib/_function_base_impl.py:2882: RuntimeWarning: invalid value encountered in subtract
  X -= avg[:, None]
/root/.openclaw/workspace/velocity-core/venv/lib/python3.12/site-packages/numpy/lib/_function_base_impl.py:2887: RuntimeWarning: invalid value encountered in dot
  c = dot(X, X_T.conj())
/root/.openclaw/workspace/velocity-core/venv/lib/python3.12/site-packages/numpy/lib/_function_base_impl.py:2882: RuntimeWarning: invalid value encountered in subtract
  X -= avg[:, None]
/root/.openclaw/workspace/velocity-core/venv/lib/python3.12/site-packages/numpy/lib/_function_base_impl.py:2887: RuntimeWarning: invalid value encountered in dot
  c = dot(X, X_T.conj())
/root/.openclaw/workspace/velocity-core/venv/lib/python3.12/site-packages/numpy/lib/_function_base_impl.py:2882: RuntimeWarning: invalid value encountered in subtract
  X -= avg[:, None]
/root/.openclaw/workspace/velocity-core/venv/lib/python3.12/site-packages/numpy/lib/_function_base_impl.py:2887: RuntimeWarning: invalid value encountered in dot
  c = dot(X, X_T.conj())
/root/.openclaw/workspace/velocity-core/venv/lib/python3.12/site-packages/numpy/lib/_function_base_impl.py:2882: RuntimeWarning: invalid value encountered in subtract
  X -= avg[:, None]
/root/.openclaw/workspace/velocity-core/venv/lib/python3.12/site-packages/numpy/lib/_function_base_impl.py:2887: RuntimeWarning: invalid value encountered in dot
  c = dot(X, X_T.conj())
/root/.openclaw/workspace/velocity-core/venv/lib/python3.12/site-packages/numpy/lib/_function_base_impl.py:2882: RuntimeWarning: invalid value encountered in subtract
  X -= avg[:, None]
/root/.openclaw/workspace/velocity-core/venv/lib/python3.12/site-packages/numpy/lib/_function_base_impl.py:2887: RuntimeWarning: invalid value encountered in dot
  c = dot(X, X_T.conj())
/root/.openclaw/workspace/velocity-core/venv/lib/python3.12/site-packages/numpy/lib/_function_base_impl.py:2882: RuntimeWarning: invalid value encountered in subtract
  X -= avg[:, None]
/root/.openclaw/workspace/velocity-core/venv/lib/python3.12/site-packages/numpy/lib/_function_base_impl.py:2887: RuntimeWarning: invalid value encountered in dot
  c = dot(X, X_T.conj())
/root/.openclaw/workspace/velocity-core/venv/lib/python3.12/site-packages/numpy/lib/_function_base_impl.py:2882: RuntimeWarning: invalid value encountered in subtract
  X -= avg[:, None]
/root/.openclaw/workspace/velocity-core/venv/lib/python3.12/site-packages/numpy/lib/_function_base_impl.py:2887: RuntimeWarning: invalid value encountered in dot
  c = dot(X, X_T.conj())
/root/.openclaw/workspace/velocity-core/venv/lib/python3.12/site-packages/numpy/lib/_function_base_impl.py:2882: RuntimeWarning: invalid value encountered in subtract
  X -= avg[:, None]
/root/.openclaw/workspace/velocity-core/venv/lib/python3.12/site-packages/numpy/lib/_function_base_impl.py:2887: RuntimeWarning: invalid value encountered in dot
  c = dot(X, X_T.conj())
/root/.openclaw/workspace/velocity-core/venv/lib/python3.12/site-packages/numpy/lib/_function_base_impl.py:2882: RuntimeWarning: invalid value encountered in subtract
  X -= avg[:, None]
/root/.openclaw/workspace/velocity-core/venv/lib/python3.12/site-packages/numpy/lib/_function_base_impl.py:2887: RuntimeWarning: invalid value encountered in dot
  c = dot(X, X_T.conj())
Fama-French Error: 'PeriodIndex' object has no attribute 'tz'
INFO:     127.0.0.1:43094 - "POST /analyze HTTP/1.1" 200 OK
/root/.openclaw/workspace/velocity-core/engine.py:70: FutureWarning: The argument 'date_parser' is deprecated and will be removed in a future version. Please use 'date_format' instead, or read your data in as 'object' dtype and then call 'to_datetime'.
  ff5 = web.DataReader('Global_5_Factors_Daily', 'famafrench', start_date, end_date)[0] / 100
/root/.openclaw/workspace/velocity-core/engine.py:70: FutureWarning: PeriodDtype[B] is deprecated and will be removed in a future version. Use a DatetimeIndex with freq='B' instead
  ff5 = web.DataReader('Global_5_Factors_Daily', 'famafrench', start_date, end_date)[0] / 100
/root/.openclaw/workspace/velocity-core/engine.py:70: FutureWarning: Period with BDay freq is deprecated and will be removed in a future version. Use a DatetimeIndex with BDay freq instead.
  ff5 = web.DataReader('Global_5_Factors_Daily', 'famafrench', start_date, end_date)[0] / 100
/root/.openclaw/workspace/velocity-core/venv/lib/python3.12/site-packages/numpy/lib/_function_base_impl.py:2882: RuntimeWarning: invalid value encountered in subtract
  X -= avg[:, None]
/root/.openclaw/workspace/velocity-core/venv/lib/python3.12/site-packages/numpy/lib/_function_base_impl.py:2887: RuntimeWarning: invalid value encountered in dot
  c = dot(X, X_T.conj())
/root/.openclaw/workspace/velocity-core/venv/lib/python3.12/site-packages/numpy/lib/_function_base_impl.py:2882: RuntimeWarning: invalid value encountered in subtract
  X -= avg[:, None]
/root/.openclaw/workspace/velocity-core/venv/lib/python3.12/site-packages/numpy/lib/_function_base_impl.py:2887: RuntimeWarning: invalid value encountered in dot
  c = dot(X, X_T.conj())
/root/.openclaw/workspace/velocity-core/venv/lib/python3.12/site-packages/numpy/lib/_function_base_impl.py:2882: RuntimeWarning: invalid value encountered in subtract
  X -= avg[:, None]
/root/.openclaw/workspace/velocity-core/venv/lib/python3.12/site-packages/numpy/lib/_function_base_impl.py:2887: RuntimeWarning: invalid value encountered in dot
  c = dot(X, X_T.conj())
/root/.openclaw/workspace/velocity-core/venv/lib/python3.12/site-packages/numpy/lib/_function_base_impl.py:2882: RuntimeWarning: invalid value encountered in subtract
  X -= avg[:, None]
/root/.openclaw/workspace/velocity-core/venv/lib/python3.12/site-packages/numpy/lib/_function_base_impl.py:2887: RuntimeWarning: invalid value encountered in dot
  c = dot(X, X_T.conj())
/root/.openclaw/workspace/velocity-core/venv/lib/python3.12/site-packages/numpy/lib/_function_base_impl.py:2882: RuntimeWarning: invalid value encountered in subtract
  X -= avg[:, None]
/root/.openclaw/workspace/velocity-core/venv/lib/python3.12/site-packages/numpy/lib/_function_base_impl.py:2887: RuntimeWarning: invalid value encountered in dot
  c = dot(X, X_T.conj())
/root/.openclaw/workspace/velocity-core/venv/lib/python3.12/site-packages/numpy/lib/_function_base_impl.py:2882: RuntimeWarning: invalid value encountered in subtract
  X -= avg[:, None]
/root/.openclaw/workspace/velocity-core/venv/lib/python3.12/site-packages/numpy/lib/_function_base_impl.py:2887: RuntimeWarning: invalid value encountered in dot
  c = dot(X, X_T.conj())
/root/.openclaw/workspace/velocity-core/venv/lib/python3.12/site-packages/numpy/lib/_function_base_impl.py:2882: RuntimeWarning: invalid value encountered in subtract
  X -= avg[:, None]
/root/.openclaw/workspace/velocity-core/venv/lib/python3.12/site-packages/numpy/lib/_function_base_impl.py:2887: RuntimeWarning: invalid value encountered in dot
  c = dot(X, X_T.conj())
/root/.openclaw/workspace/velocity-core/venv/lib/python3.12/site-packages/numpy/lib/_function_base_impl.py:2882: RuntimeWarning: invalid value encountered in subtract
  X -= avg[:, None]
/root/.openclaw/workspace/velocity-core/venv/lib/python3.12/site-packages/numpy/lib/_function_base_impl.py:2887: RuntimeWarning: invalid value encountered in dot
  c = dot(X, X_T.conj())
/root/.openclaw/workspace/velocity-core/venv/lib/python3.12/site-packages/numpy/lib/_function_base_impl.py:2882: RuntimeWarning: invalid value encountered in subtract
  X -= avg[:, None]
/root/.openclaw/workspace/velocity-core/venv/lib/python3.12/site-packages/numpy/lib/_function_base_impl.py:2887: RuntimeWarning: invalid value encountered in dot
  c = dot(X, X_T.conj())
/root/.openclaw/workspace/velocity-core/venv/lib/python3.12/site-packages/numpy/lib/_function_base_impl.py:2882: RuntimeWarning: invalid value encountered in subtract
  X -= avg[:, None]
/root/.openclaw/workspace/velocity-core/venv/lib/python3.12/site-packages/numpy/lib/_function_base_impl.py:2887: RuntimeWarning: invalid value encountered in dot
  c = dot(X, X_T.conj())
/root/.openclaw/workspace/velocity-core/venv/lib/python3.12/site-packages/numpy/lib/_function_base_impl.py:2882: RuntimeWarning: invalid value encountered in subtract
  X -= avg[:, None]
/root/.openclaw/workspace/velocity-core/venv/lib/python3.12/site-packages/numpy/lib/_function_base_impl.py:2887: RuntimeWarning: invalid value encountered in dot
  c = dot(X, X_T.conj())
Fama-French Error: 'PeriodIndex' object has no attribute 'tz'
INFO:     127.0.0.1:54252 - "POST /analyze HTTP/1.1" 200 OK
